C:\Dev\marten\src\Marten.AspNetCore\Marten.AspNetCore.csproj : warning NU1510: PackageReference Microsoft.Extensions.Diagnostics.HealthChecks will not be pruned. Consider removing this package from your dependencies, as it is likely unnecessary. [TargetFramework=net8.0]
C:\Dev\marten\src\Marten.AspNetCore\Marten.AspNetCore.csproj : warning NU1510: PackageReference Microsoft.Extensions.Diagnostics.HealthChecks will not be pruned. Consider removing this package from your dependencies, as it is likely unnecessary. [TargetFramework=net9.0]
C:\Dev\marten\src\Marten.AspNetCore\Marten.AspNetCore.csproj : warning NU1510: PackageReference Microsoft.Extensions.Diagnostics.HealthChecks will not be pruned. Consider removing this package from your dependencies, as it is likely unnecessary. [TargetFramework=net10.0]
  Marten -> C:\Dev\marten\src\Marten\bin\Debug\net8.0\Marten.dll
  LinqTestsTypes -> C:\Dev\marten\src\LinqTestsTypes\bin\Debug\net8.0\LinqTestsTypes.dll
C:\Dev\marten\src\EventPublisher\EventPublisher.csproj : warning NU1902: Package 'OpenTelemetry.Api' 1.8.1 has a known moderate severity vulnerability, https://github.com/advisories/GHSA-g94r-2vxg-569j [TargetFramework=net8.0]
C:\Dev\marten\src\EventPublisher\EventPublisher.csproj : warning NU1902: Package 'OpenTelemetry.Exporter.OpenTelemetryProtocol' 1.8.1 has a known moderate severity vulnerability, https://github.com/advisories/GHSA-4625-4j76-fww9 [TargetFramework=net8.0]
  LinqTestsTypes -> C:\Dev\marten\src\LinqTestsTypes\bin\Debug\net9.0\LinqTestsTypes.dll
  FSharpTypes -> C:\Dev\marten\src\FSharpTypes\bin\Debug\net8.0\FSharpTypes.dll
  FSharpTypes -> C:\Dev\marten\src\FSharpTypes\bin\Debug\net9.0\FSharpTypes.dll
  Marten -> C:\Dev\marten\src\Marten\bin\Debug\net9.0\Marten.dll
  Marten -> C:\Dev\marten\src\Marten\bin\Debug\net10.0\Marten.dll
C:\Dev\marten\build\build.csproj : warning NU1901: Package 'NuGet.Packaging' 6.12.1 has a known low severity vulnerability, https://github.com/advisories/GHSA-g4vj-cjjj-v7hg
C:\Dev\marten\build\build.csproj : warning NU1903: Package 'System.Security.Cryptography.Xml' 9.0.0 has a known high severity vulnerability, https://github.com/advisories/GHSA-37gx-xxp4-5rgx
C:\Dev\marten\build\build.csproj : warning NU1903: Package 'System.Security.Cryptography.Xml' 9.0.0 has a known high severity vulnerability, https://github.com/advisories/GHSA-w3x6-4m5h-cxqf
  build -> C:\Dev\marten\build\bin\Debug\build.dll
  EventStoreMigrations -> C:\Dev\marten\src\EventStoreMigrations\bin\Debug\net8.0\EventStoreMigrations.dll
  Marten.Testing.ThirdAssembly -> C:\Dev\marten\src\Marten.Testing.ThirdAssembly\bin\Debug\net8.0\Marten.Testing.ThirdAssembly.dll
  AspNetODataWithMarten -> C:\Dev\marten\src\AspNetODataWithMarten\bin\Debug\net8.0\AspNetODataWithMarten.dll
  Marten.NodaTime -> C:\Dev\marten\src\Marten.NodaTime\bin\Debug\net8.0\Marten.NodaTime.dll
  Marten.EntityFrameworkCore -> C:\Dev\marten\src\Marten.EntityFrameworkCore\bin\Debug\net10.0\Marten.EntityFrameworkCore.dll
  Marten.Testing.OtherAssembly -> C:\Dev\marten\src\Marten.Testing.OtherAssembly\bin\Debug\net10.0\Marten.Testing.OtherAssembly.dll
  Marten.Testing.ThirdAssembly -> C:\Dev\marten\src\Marten.Testing.ThirdAssembly\bin\Debug\net10.0\Marten.Testing.ThirdAssembly.dll
  Marten.AspNetCore -> C:\Dev\marten\src\Marten.AspNetCore\bin\Debug\net10.0\Marten.AspNetCore.dll
  Marten.Testing.OtherAssembly -> C:\Dev\marten\src\Marten.Testing.OtherAssembly\bin\Debug\net8.0\Marten.Testing.OtherAssembly.dll
  Marten.AspNetCore -> C:\Dev\marten\src\Marten.AspNetCore\bin\Debug\net8.0\Marten.AspNetCore.dll
  Marten.EntityFrameworkCore.Tests -> C:\Dev\marten\src\Marten.EntityFrameworkCore.Tests\bin\Debug\net10.0\Marten.EntityFrameworkCore.Tests.dll
  Marten.Testing -> C:\Dev\marten\src\Marten.Testing\bin\Debug\net10.0\Marten.Testing.dll
  Marten.NodaTime -> C:\Dev\marten\src\Marten.NodaTime\bin\Debug\net10.0\Marten.NodaTime.dll
  EventSourcingTests -> C:\Dev\marten\src\EventSourcingTests\bin\Debug\net10.0\EventSourcingTests.dll
  Marten.AspNetCore -> C:\Dev\marten\src\Marten.AspNetCore\bin\Debug\net9.0\Marten.AspNetCore.dll
  DocumentDbTests -> C:\Dev\marten\src\DocumentDbTests\bin\Debug\net10.0\DocumentDbTests.dll
  AspNetCoreWithMarten -> C:\Dev\marten\src\AspNetCoreWithMarten\bin\Debug\net8.0\AspNetCoreWithMarten.dll
  StressTests -> C:\Dev\marten\src\StressTests\bin\Debug\net10.0\StressTests.dll
  MultiTenancyTests -> C:\Dev\marten\src\MultiTenancyTests\bin\Debug\net10.0\MultiTenancyTests.dll
  ContainerScopedProjectionTests -> C:\Dev\marten\src\ContainerScopedProjectionTests\bin\Debug\net10.0\ContainerScopedProjectionTests.dll
  Marten.Testing.OtherAssembly -> C:\Dev\marten\src\Marten.Testing.OtherAssembly\bin\Debug\net9.0\Marten.Testing.OtherAssembly.dll
  Marten.EntityFrameworkCore -> C:\Dev\marten\src\Marten.EntityFrameworkCore\bin\Debug\net9.0\Marten.EntityFrameworkCore.dll
  DaemonTests -> C:\Dev\marten\src\DaemonTests\bin\Debug\net10.0\DaemonTests.dll
  IssueService -> C:\Dev\marten\src\IssueService\bin\Debug\net8.0\IssueService.dll
  IssueService -> C:\Dev\marten\src\IssueService\bin\Debug\net10.0\IssueService.dll
  EventSourcingIntro -> C:\Dev\marten\src\samples\EventSourcingIntro\bin\Debug\net9.0\EventSourcingIntro.dll
  LinqTests -> C:\Dev\marten\src\LinqTests\bin\Debug\net10.0\LinqTests.dll
  Marten.AspNetCore.Testing -> C:\Dev\marten\src\Marten.AspNetCore.Testing\bin\Debug\net10.0\Marten.AspNetCore.Testing.dll
  Marten.Testing.ThirdAssembly -> C:\Dev\marten\src\Marten.Testing.ThirdAssembly\bin\Debug\net9.0\Marten.Testing.ThirdAssembly.dll
  PatchingTests -> C:\Dev\marten\src\PatchingTests\bin\Debug\net10.0\PatchingTests.dll
  IssueService -> C:\Dev\marten\src\IssueService\bin\Debug\net9.0\IssueService.dll
  
  GenerateOpenApiDocuments:
    dotnet "C:\Users\AdamP\.nuget\packages\microsoft.extensions.apidescription.server\6.0.5\build\../tools/dotnet-getdocument.dll" --assembly "C:\Dev\marten\src\IssueService\bin\Debug\net8.0\IssueService.dll" --file-list "obj\IssueService.OpenApiFiles.cache" --framework ".NETCoreApp,Version=v8.0" --output "obj" --project "IssueService" --assets-file "C:\Dev\marten\src\IssueService\obj\project.assets.json" --platform "AnyCPU" 
  Marten.NodaTime -> C:\Dev\marten\src\Marten.NodaTime\bin\Debug\net9.0\Marten.NodaTime.dll
  Marten.EntityFrameworkCore.Tests -> C:\Dev\marten\src\Marten.EntityFrameworkCore.Tests\bin\Debug\net9.0\Marten.EntityFrameworkCore.Tests.dll
C:\Users\AdamP\.nuget\packages\microsoft.extensions.apidescription.server\6.0.5\build\Microsoft.Extensions.ApiDescription.Server.targets(66,5): error : You must install or update .NET to run this application. [C:\Dev\marten\src\IssueService\IssueService.csproj::TargetFramework=net8.0]
C:\Users\AdamP\.nuget\packages\microsoft.extensions.apidescription.server\6.0.5\build\Microsoft.Extensions.ApiDescription.Server.targets(66,5): error :  [C:\Dev\marten\src\IssueService\IssueService.csproj::TargetFramework=net8.0]
C:\Users\AdamP\.nuget\packages\microsoft.extensions.apidescription.server\6.0.5\build\Microsoft.Extensions.ApiDescription.Server.targets(66,5): error : App: C:\Users\AdamP\.nuget\packages\microsoft.extensions.apidescription.server\6.0.5\tools\netcoreapp2.1\GetDocument.Insider.dll [C:\Dev\marten\src\IssueService\IssueService.csproj::TargetFramework=net8.0]
C:\Users\AdamP\.nuget\packages\microsoft.extensions.apidescription.server\6.0.5\build\Microsoft.Extensions.ApiDescription.Server.targets(66,5): error : Architecture: x64 [C:\Dev\marten\src\IssueService\IssueService.csproj::TargetFramework=net8.0]
C:\Users\AdamP\.nuget\packages\microsoft.extensions.apidescription.server\6.0.5\build\Microsoft.Extensions.ApiDescription.Server.targets(66,5): error : Framework: 'Microsoft.NETCore.App', version '8.0.0' (x64) [C:\Dev\marten\src\IssueService\IssueService.csproj::TargetFramework=net8.0]
C:\Users\AdamP\.nuget\packages\microsoft.extensions.apidescription.server\6.0.5\build\Microsoft.Extensions.ApiDescription.Server.targets(66,5): error : .NET location: C:\Program Files\dotnet\ [C:\Dev\marten\src\IssueService\IssueService.csproj::TargetFramework=net8.0]
C:\Users\AdamP\.nuget\packages\microsoft.extensions.apidescription.server\6.0.5\build\Microsoft.Extensions.ApiDescription.Server.targets(66,5): error :  [C:\Dev\marten\src\IssueService\IssueService.csproj::TargetFramework=net8.0]
C:\Users\AdamP\.nuget\packages\microsoft.extensions.apidescription.server\6.0.5\build\Microsoft.Extensions.ApiDescription.Server.targets(66,5): error : The following frameworks were found: [C:\Dev\marten\src\IssueService\IssueService.csproj::TargetFramework=net8.0]
C:\Users\AdamP\.nuget\packages\microsoft.extensions.apidescription.server\6.0.5\build\Microsoft.Extensions.ApiDescription.Server.targets(66,5): error :   10.0.7 at [C:\Program Files\dotnet\shared\Microsoft.NETCore.App] [C:\Dev\marten\src\IssueService\IssueService.csproj::TargetFramework=net8.0]
C:\Users\AdamP\.nuget\packages\microsoft.extensions.apidescription.server\6.0.5\build\Microsoft.Extensions.ApiDescription.Server.targets(66,5): error :  [C:\Dev\marten\src\IssueService\IssueService.csproj::TargetFramework=net8.0]
C:\Users\AdamP\.nuget\packages\microsoft.extensions.apidescription.server\6.0.5\build\Microsoft.Extensions.ApiDescription.Server.targets(66,5): error : Learn more: [C:\Dev\marten\src\IssueService\IssueService.csproj::TargetFramework=net8.0]
C:\Users\AdamP\.nuget\packages\microsoft.extensions.apidescription.server\6.0.5\build\Microsoft.Extensions.ApiDescription.Server.targets(66,5): error : https://aka.ms/dotnet/app-launch-failed [C:\Dev\marten\src\IssueService\IssueService.csproj::TargetFramework=net8.0]
C:\Users\AdamP\.nuget\packages\microsoft.extensions.apidescription.server\6.0.5\build\Microsoft.Extensions.ApiDescription.Server.targets(66,5): error :  [C:\Dev\marten\src\IssueService\IssueService.csproj::TargetFramework=net8.0]
C:\Users\AdamP\.nuget\packages\microsoft.extensions.apidescription.server\6.0.5\build\Microsoft.Extensions.ApiDescription.Server.targets(66,5): error : To install missing framework, download: [C:\Dev\marten\src\IssueService\IssueService.csproj::TargetFramework=net8.0]
C:\Users\AdamP\.nuget\packages\microsoft.extensions.apidescription.server\6.0.5\build\Microsoft.Extensions.ApiDescription.Server.targets(66,5): error : https://aka.ms/dotnet-core-applaunch?framework=Microsoft.NETCore.App&framework_version=8.0.0&arch=x64&rid=win-x64&os=win10 [C:\Dev\marten\src\IssueService\IssueService.csproj::TargetFramework=net8.0]
C:\Users\AdamP\.nuget\packages\microsoft.extensions.apidescription.server\6.0.5\build\Microsoft.Extensions.ApiDescription.Server.targets(66,5): error MSB3073: The command "dotnet "C:\Users\AdamP\.nuget\packages\microsoft.extensions.apidescription.server\6.0.5\build\../tools/dotnet-getdocument.dll" --assembly "C:\Dev\marten\src\IssueService\bin\Debug\net8.0\IssueService.dll" --file-list "obj\IssueService.OpenApiFiles.cache" --framework ".NETCoreApp,Version=v8.0" --output "obj" --project "IssueService" --assets-file "C:\Dev\marten\src\IssueService\obj\project.assets.json" --platform "AnyCPU" " exited with code -2147450730. [C:\Dev\marten\src\IssueService\IssueService.csproj::TargetFramework=net8.0]
  CoreTests -> C:\Dev\marten\src\CoreTests\bin\Debug\net10.0\CoreTests.dll
  EventSourceWorker -> C:\Dev\marten\src\EventSourceWorker\bin\Debug\net10.0\EventSourceWorker.dll
  Marten.NodaTime.Testing -> C:\Dev\marten\src\Marten.NodaTime.Testing\bin\Debug\net10.0\Marten.NodaTime.Testing.dll
  ValueTypeTests -> C:\Dev\marten\src\ValueTypeTests\bin\Debug\net10.0\ValueTypeTests.dll
  Marten.AspNetCore.Testing -> C:\Dev\marten\src\Marten.AspNetCore.Testing\bin\Debug\net8.0\Marten.AspNetCore.Testing.dll
  DaemonTests.ManualOnly -> C:\Dev\marten\src\DaemonTests.ManualOnly\bin\Debug\net10.0\DaemonTests.ManualOnly.dll
  EventSourcingTests -> C:\Dev\marten\src\EventSourcingTests\bin\Debug\net9.0\EventSourcingTests.dll
  MultiTenancyTests -> C:\Dev\marten\src\MultiTenancyTests\bin\Debug\net9.0\MultiTenancyTests.dll
  Marten.Testing -> C:\Dev\marten\src\Marten.Testing\bin\Debug\net8.0\Marten.Testing.dll
  Marten.Testing -> C:\Dev\marten\src\Marten.Testing\bin\Debug\net9.0\Marten.Testing.dll
  MultiTenancyTests -> C:\Dev\marten\src\MultiTenancyTests\bin\Debug\net8.0\MultiTenancyTests.dll
  DocumentDbTests -> C:\Dev\marten\src\DocumentDbTests\bin\Debug\net9.0\DocumentDbTests.dll
  PatchingTests -> C:\Dev\marten\src\PatchingTests\bin\Debug\net8.0\PatchingTests.dll
  MemoryUsageChecker -> C:\Dev\marten\src\MemoryUsageChecker\bin\Debug\net8.0\MemoryUsageChecker.dll
  LinqTests -> C:\Dev\marten\src\LinqTests\bin\Debug\net9.0\LinqTests.dll
  EventSourcingTests -> C:\Dev\marten\src\EventSourcingTests\bin\Debug\net8.0\EventSourcingTests.dll
  DocSamples -> C:\Dev\marten\src\samples\DocSamples\bin\Debug\net8.0\DocSamples.dll
  ContainerScopedProjectionTests -> C:\Dev\marten\src\ContainerScopedProjectionTests\bin\Debug\net8.0\ContainerScopedProjectionTests.dll
  PatchingTests -> C:\Dev\marten\src\PatchingTests\bin\Debug\net9.0\PatchingTests.dll
  LinqTests -> C:\Dev\marten\src\LinqTests\bin\Debug\net8.0\LinqTests.dll
  DaemonTests -> C:\Dev\marten\src\DaemonTests\bin\Debug\net8.0\DaemonTests.dll
  Marten.AspNetCore.Testing -> C:\Dev\marten\src\Marten.AspNetCore.Testing\bin\Debug\net9.0\Marten.AspNetCore.Testing.dll
  Marten.NodaTime.Testing -> C:\Dev\marten\src\Marten.NodaTime.Testing\bin\Debug\net8.0\Marten.NodaTime.Testing.dll
  CommandLineRunner -> C:\Dev\marten\src\CommandLineRunner\bin\Debug\net8.0\CommandLineRunner.dll
  MultiDatabaseCommandLineRunner -> C:\Dev\marten\src\MultiDatabaseCommandLineRunner\bin\Debug\net8.0\MultiDatabaseCommandLineRunner.dll
  EventPublisher -> C:\Dev\marten\src\EventPublisher\bin\Debug\net8.0\EventPublisher.dll
  StressTests -> C:\Dev\marten\src\StressTests\bin\Debug\net8.0\StressTests.dll
  EventAppenderPerfTester -> C:\Dev\marten\src\EventAppenderPerfTester\bin\Debug\net8.0\EventAppenderPerfTester.dll
  EventSourceWorker -> C:\Dev\marten\src\EventSourceWorker\bin\Debug\net8.0\EventSourceWorker.dll
  StressTests -> C:\Dev\marten\src\StressTests\bin\Debug\net9.0\StressTests.dll
  ContainerScopedProjectionTests -> C:\Dev\marten\src\ContainerScopedProjectionTests\bin\Debug\net9.0\ContainerScopedProjectionTests.dll
  CoreTests -> C:\Dev\marten\src\CoreTests\bin\Debug\net8.0\CoreTests.dll
  DocumentDbTests -> C:\Dev\marten\src\DocumentDbTests\bin\Debug\net8.0\DocumentDbTests.dll
  DaemonTests -> C:\Dev\marten\src\DaemonTests\bin\Debug\net9.0\DaemonTests.dll
  DaemonTests.ManualOnly -> C:\Dev\marten\src\DaemonTests.ManualOnly\bin\Debug\net8.0\DaemonTests.ManualOnly.dll
  EventSourceWorker -> C:\Dev\marten\src\EventSourceWorker\bin\Debug\net9.0\EventSourceWorker.dll
  MinimalAPI -> C:\Dev\marten\src\samples\MinimalAPI\bin\Debug\net8.0\MinimalAPI.dll
  ValueTypeTests -> C:\Dev\marten\src\ValueTypeTests\bin\Debug\net9.0\ValueTypeTests.dll
  Marten.NodaTime.Testing -> C:\Dev\marten\src\Marten.NodaTime.Testing\bin\Debug\net9.0\Marten.NodaTime.Testing.dll
  CoreTests -> C:\Dev\marten\src\CoreTests\bin\Debug\net9.0\CoreTests.dll
  DaemonTests.ManualOnly -> C:\Dev\marten\src\DaemonTests.ManualOnly\bin\Debug\net9.0\DaemonTests.ManualOnly.dll
  ValueTypeTests -> C:\Dev\marten\src\ValueTypeTests\bin\Debug\net8.0\ValueTypeTests.dll

Build FAILED.

C:\Dev\marten\src\Marten.AspNetCore\Marten.AspNetCore.csproj : warning NU1510: PackageReference Microsoft.Extensions.Diagnostics.HealthChecks will not be pruned. Consider removing this package from your dependencies, as it is likely unnecessary. [TargetFramework=net8.0]
C:\Dev\marten\src\Marten.AspNetCore\Marten.AspNetCore.csproj : warning NU1510: PackageReference Microsoft.Extensions.Diagnostics.HealthChecks will not be pruned. Consider removing this package from your dependencies, as it is likely unnecessary. [TargetFramework=net9.0]
C:\Dev\marten\src\Marten.AspNetCore\Marten.AspNetCore.csproj : warning NU1510: PackageReference Microsoft.Extensions.Diagnostics.HealthChecks will not be pruned. Consider removing this package from your dependencies, as it is likely unnecessary. [TargetFramework=net10.0]
C:\Dev\marten\src\EventPublisher\EventPublisher.csproj : warning NU1902: Package 'OpenTelemetry.Api' 1.8.1 has a known moderate severity vulnerability, https://github.com/advisories/GHSA-g94r-2vxg-569j [TargetFramework=net8.0]
C:\Dev\marten\src\EventPublisher\EventPublisher.csproj : warning NU1902: Package 'OpenTelemetry.Exporter.OpenTelemetryProtocol' 1.8.1 has a known moderate severity vulnerability, https://github.com/advisories/GHSA-4625-4j76-fww9 [TargetFramework=net8.0]
C:\Dev\marten\build\build.csproj : warning NU1901: Package 'NuGet.Packaging' 6.12.1 has a known low severity vulnerability, https://github.com/advisories/GHSA-g4vj-cjjj-v7hg
C:\Dev\marten\build\build.csproj : warning NU1903: Package 'System.Security.Cryptography.Xml' 9.0.0 has a known high severity vulnerability, https://github.com/advisories/GHSA-37gx-xxp4-5rgx
C:\Dev\marten\build\build.csproj : warning NU1903: Package 'System.Security.Cryptography.Xml' 9.0.0 has a known high severity vulnerability, https://github.com/advisories/GHSA-w3x6-4m5h-cxqf
C:\Users\AdamP\.nuget\packages\microsoft.extensions.apidescription.server\6.0.5\build\Microsoft.Extensions.ApiDescription.Server.targets(66,5): error : You must install or update .NET to run this application. [C:\Dev\marten\src\IssueService\IssueService.csproj::TargetFramework=net8.0]
C:\Users\AdamP\.nuget\packages\microsoft.extensions.apidescription.server\6.0.5\build\Microsoft.Extensions.ApiDescription.Server.targets(66,5): error :  [C:\Dev\marten\src\IssueService\IssueService.csproj::TargetFramework=net8.0]
C:\Users\AdamP\.nuget\packages\microsoft.extensions.apidescription.server\6.0.5\build\Microsoft.Extensions.ApiDescription.Server.targets(66,5): error : App: C:\Users\AdamP\.nuget\packages\microsoft.extensions.apidescription.server\6.0.5\tools\netcoreapp2.1\GetDocument.Insider.dll [C:\Dev\marten\src\IssueService\IssueService.csproj::TargetFramework=net8.0]
C:\Users\AdamP\.nuget\packages\microsoft.extensions.apidescription.server\6.0.5\build\Microsoft.Extensions.ApiDescription.Server.targets(66,5): error : Architecture: x64 [C:\Dev\marten\src\IssueService\IssueService.csproj::TargetFramework=net8.0]
C:\Users\AdamP\.nuget\packages\microsoft.extensions.apidescription.server\6.0.5\build\Microsoft.Extensions.ApiDescription.Server.targets(66,5): error : Framework: 'Microsoft.NETCore.App', version '8.0.0' (x64) [C:\Dev\marten\src\IssueService\IssueService.csproj::TargetFramework=net8.0]
C:\Users\AdamP\.nuget\packages\microsoft.extensions.apidescription.server\6.0.5\build\Microsoft.Extensions.ApiDescription.Server.targets(66,5): error : .NET location: C:\Program Files\dotnet\ [C:\Dev\marten\src\IssueService\IssueService.csproj::TargetFramework=net8.0]
C:\Users\AdamP\.nuget\packages\microsoft.extensions.apidescription.server\6.0.5\build\Microsoft.Extensions.ApiDescription.Server.targets(66,5): error :  [C:\Dev\marten\src\IssueService\IssueService.csproj::TargetFramework=net8.0]
C:\Users\AdamP\.nuget\packages\microsoft.extensions.apidescription.server\6.0.5\build\Microsoft.Extensions.ApiDescription.Server.targets(66,5): error : The following frameworks were found: [C:\Dev\marten\src\IssueService\IssueService.csproj::TargetFramework=net8.0]
C:\Users\AdamP\.nuget\packages\microsoft.extensions.apidescription.server\6.0.5\build\Microsoft.Extensions.ApiDescription.Server.targets(66,5): error :   10.0.7 at [C:\Program Files\dotnet\shared\Microsoft.NETCore.App] [C:\Dev\marten\src\IssueService\IssueService.csproj::TargetFramework=net8.0]
C:\Users\AdamP\.nuget\packages\microsoft.extensions.apidescription.server\6.0.5\build\Microsoft.Extensions.ApiDescription.Server.targets(66,5): error :  [C:\Dev\marten\src\IssueService\IssueService.csproj::TargetFramework=net8.0]
C:\Users\AdamP\.nuget\packages\microsoft.extensions.apidescription.server\6.0.5\build\Microsoft.Extensions.ApiDescription.Server.targets(66,5): error : Learn more: [C:\Dev\marten\src\IssueService\IssueService.csproj::TargetFramework=net8.0]
C:\Users\AdamP\.nuget\packages\microsoft.extensions.apidescription.server\6.0.5\build\Microsoft.Extensions.ApiDescription.Server.targets(66,5): error : https://aka.ms/dotnet/app-launch-failed [C:\Dev\marten\src\IssueService\IssueService.csproj::TargetFramework=net8.0]
C:\Users\AdamP\.nuget\packages\microsoft.extensions.apidescription.server\6.0.5\build\Microsoft.Extensions.ApiDescription.Server.targets(66,5): error :  [C:\Dev\marten\src\IssueService\IssueService.csproj::TargetFramework=net8.0]
C:\Users\AdamP\.nuget\packages\microsoft.extensions.apidescription.server\6.0.5\build\Microsoft.Extensions.ApiDescription.Server.targets(66,5): error : To install missing framework, download: [C:\Dev\marten\src\IssueService\IssueService.csproj::TargetFramework=net8.0]
C:\Users\AdamP\.nuget\packages\microsoft.extensions.apidescription.server\6.0.5\build\Microsoft.Extensions.ApiDescription.Server.targets(66,5): error : https://aka.ms/dotnet-core-applaunch?framework=Microsoft.NETCore.App&framework_version=8.0.0&arch=x64&rid=win-x64&os=win10 [C:\Dev\marten\src\IssueService\IssueService.csproj::TargetFramework=net8.0]
C:\Users\AdamP\.nuget\packages\microsoft.extensions.apidescription.server\6.0.5\build\Microsoft.Extensions.ApiDescription.Server.targets(66,5): error MSB3073: The command "dotnet "C:\Users\AdamP\.nuget\packages\microsoft.extensions.apidescription.server\6.0.5\build\../tools/dotnet-getdocument.dll" --assembly "C:\Dev\marten\src\IssueService\bin\Debug\net8.0\IssueService.dll" --file-list "obj\IssueService.OpenApiFiles.cache" --framework ".NETCoreApp,Version=v8.0" --output "obj" --project "IssueService" --assets-file "C:\Dev\marten\src\IssueService\obj\project.assets.json" --platform "AnyCPU" " exited with code -2147450730. [C:\Dev\marten\src\IssueService\IssueService.csproj::TargetFramework=net8.0]
    8 Warning(s)
    16 Error(s)

Time Elapsed 00:00:26.36
